C:\A - Sistemas embebidos\TP-FINAL-ED3\CMSISv2p00_LPC17xx\inc/core_cm3.h:928:22:NVIC_EnableIRQ	16	static
C:\A - Sistemas embebidos\TP-FINAL-ED3\CMSISv2p00_LPC17xx\inc/core_cm3.h:1012:22:NVIC_SetPriority	16	static
../devices/src/SensorHCSR04.c:30:6:SensorHCSR04_Init	8	static
../devices/src/SensorHCSR04.c:36:6:SensorHCSR04_Trigger	16	static
../devices/src/SensorHCSR04.c:49:6:SensorHCSR04_IsDataReady	4	static
../devices/src/SensorHCSR04.c:53:10:SensorHCSR04_GetPulseUs	4	static
../devices/src/SensorHCSR04.c:61:13:cfgGPIO	24	static
../devices/src/SensorHCSR04.c:91:13:cfgTIMER0	24	static
../devices/src/SensorHCSR04.c:120:6:TIMER0_IRQHandler	16	static
