C:\A - Sistemas embebidos\TP-FINAL-ED3\CMSISv2p00_LPC17xx\inc/core_cm3.h:928:22:NVIC_EnableIRQ	16	static
C:\A - Sistemas embebidos\TP-FINAL-ED3\CMSISv2p00_LPC17xx\inc/core_cm3.h:1012:22:NVIC_SetPriority	16	static
../devices/src/UART.c:13:6:UART3_Init	8	static
../devices/src/UART.c:18:6:UART3_Transmit	16	static
../devices/src/UART.c:27:6:UART3_IsTxReady	4	static
../devices/src/UART.c:31:6:UART3_Receive	16	static
../devices/src/UART.c:40:13:cfgGPIO	24	static
../devices/src/UART.c:59:13:cfgUART	24	static
../devices/src/UART.c:83:6:UART3_IRQHandler	16	static
